------------------------------------------------------------
TimeQuest Timing Analyzer Summary
------------------------------------------------------------

Type  : Setup 'CLKDIV:divider|CLK_1k'
Slack : -4.506
TNS   : -33.058

Type  : Setup 'CLK'
Slack : -3.852
TNS   : -52.370

Type  : Hold 'CLK'
Slack : -1.503
TNS   : -1.503

Type  : Hold 'CLKDIV:divider|CLK_1k'
Slack : 1.025
TNS   : 0.000

Type  : Recovery 'Dollar'
Slack : -2.141
TNS   : -2.141

Type  : Recovery 'Dime'
Slack : -1.762
TNS   : -1.762

Type  : Recovery 'Quarter'
Slack : -0.963
TNS   : -0.963

Type  : Recovery 'Nickel'
Slack : -0.543
TNS   : -0.543

Type  : Removal 'Nickel'
Slack : 1.197
TNS   : 0.000

Type  : Removal 'Quarter'
Slack : 1.617
TNS   : 0.000

Type  : Removal 'Dime'
Slack : 2.416
TNS   : 0.000

Type  : Removal 'Dollar'
Slack : 2.795
TNS   : 0.000

Type  : Minimum Pulse Width 'CLK'
Slack : -2.289
TNS   : -2.289

Type  : Minimum Pulse Width 'Dime'
Slack : -2.289
TNS   : -2.289

Type  : Minimum Pulse Width 'Dollar'
Slack : -2.289
TNS   : -2.289

Type  : Minimum Pulse Width 'Nickel'
Slack : -2.289
TNS   : -2.289

Type  : Minimum Pulse Width 'Quarter'
Slack : -2.289
TNS   : -2.289

Type  : Minimum Pulse Width 'CLKDIV:divider|CLK_1k'
Slack : 0.334
TNS   : 0.000

------------------------------------------------------------
